../Core/Src/main.c:237:6:SystemClock_Config	88	static,ignoring_inline_asm
../Core/Src/main.c:681:6:calibracao	40	static
../Core/Src/main.c:735:6:lerSensoresLinha	56	static
../Core/Src/main.c:765:5:lerPosicao	48	static
../Core/Src/main.c:817:10:interpolar	8	static
../Core/Src/main.c:830:6:lerSlDir	0	static
../Core/Src/main.c:833:6:lerSlEsq	0	static
../Core/Src/main.c:826:6:lerSensoresLaterais	8	static
../Core/Src/main.c:838:6:Error_Handler_Customizado	8	static,ignoring_inline_asm
../Core/Src/main.c:853:6:MotorEsq	8	static
../Core/Src/main.c:869:6:MotorDir	8	static
../Core/Src/main.c:885:6:Motores	8	static
../Core/Src/main.c:891:5:PID	8	static
../Core/Src/main.c:917:6:Botao	8	static
../Core/Src/main.c:923:6:HAL_TIM_PeriodElapsedCallback	0	static
../Core/Src/main.c:935:7:lerTensaoBateria	16	static
../Core/Src/main.c:965:6:MonitorarTensaoBateria	16	static
../Core/Src/main.c:168:5:main	152	static,ignoring_inline_asm
../Core/Src/main.c:1044:6:Error_Handler	0	static,ignoring_inline_asm
